Flutter crash report.
Please report a bug at https://github.com/flutter/flutter/issues.

## command

flutter run -d chrome

## exception

ExistingDartDevelopmentServiceException: DartDevelopmentServiceException: JSON-RPC error 100: Existing VM service clients prevent DDS from taking control.

```
```

## flutter doctor

```
[32m[✓][39m Flutter (Channel stable, 3.29.3, on Microsoft Windows [Version
    10.0.22631.5472], locale en-US) [728ms]
    [32m•[39m Flutter version 3.29.3 on channel stable at C:\flutter
    [32m•[39m Upstream repository https://github.com/flutter/flutter.git
    [32m•[39m Framework revision ea121f8859 (3 months ago), 2025-04-11
      19:10:07 +0000
    [32m•[39m Engine revision cf56914b32
    [32m•[39m Dart version 3.7.2
    [32m•[39m DevTools version 2.42.3

[32m[✓][39m Windows Version (11 Home Single Language 64-bit, 23H2, 2009)
    [5.5s]

[32m[✓][39m Android toolchain - develop for Android devices (Android SDK
    version 34.0.0) [7.6s]
    [32m•[39m Android SDK at C:\Users\Ganesh\AppData\Local\Android\Sdk
    [32m•[39m Platform android-34-ext8, build-tools 34.0.0
    [32m•[39m ANDROID_SDK_ROOT = C:\Users\Ganesh\AppData\Local\Android\Sdk
    [32m•[39m Java binary at: C:\Program Files\Android\Android
      Studio\jbr\bin\java
      This is the JDK bundled with the latest Android Studio
      installation on this machine.
      To manually set the JDK path, use: `flutter config
      --jdk-dir="path/to/jdk"`.
    [32m•[39m Java version OpenJDK Runtime Environment (build
      21.0.6+-13355223-b631.42)
    [32m•[39m All Android licenses accepted.

[32m[✓][39m Chrome - develop for the web [44ms]
    [32m•[39m Chrome at C:\Program
      Files\Google\Chrome\Application\chrome.exe

[31m[✗][39m Visual Studio - develop Windows apps [41ms]
    [31m✗[39m Visual Studio not installed; this is necessary to develop
      Windows apps.
      Download at https://visualstudio.microsoft.com/downloads/.
      Please install the "Desktop development with C++" workload,
      including all of its default components

[32m[✓][39m Android Studio (version 2024.3) [30ms]
    [32m•[39m Android Studio at C:\Program Files\Android\Android Studio
    [32m•[39m Flutter plugin can be installed from:
      🔨 https://plugins.jetbrains.com/plugin/9212-flutter
    [32m•[39m Dart plugin can be installed from:
      🔨 https://plugins.jetbrains.com/plugin/6351-dart
    [32m•[39m Java version OpenJDK Runtime Environment (build
      21.0.6+-13355223-b631.42)

[32m[✓][39m VS Code (version 1.102.0) [25ms]
    [32m•[39m VS Code at C:\Users\Ganesh\AppData\Local\Programs\Microsoft VS
      Code
    [32m•[39m Flutter extension version 3.114.0

[32m[✓][39m Connected device (3 available) [289ms]
    [32m•[39m Windows (desktop) • windows • windows-x64    • Microsoft
      Windows [Version 10.0.22631.5472]
    [32m•[39m Chrome (web)      • chrome  • web-javascript • Google Chrome
      138.0.7204.101
    [32m•[39m Edge (web)        • edge    • web-javascript • Microsoft Edge
      138.0.3351.65

[32m[✓][39m Network resources [753ms]
    [32m•[39m All expected network resources are available.

[33m![39m Doctor found issues in 1 category.
```
