Flutter crash report.
Please report a bug at https://github.com/flutter/flutter/issues.

## command

flutter run -d chrome --web-port=5001

## exception

ShaderCompilerException: ShaderCompilerException: Shader compilation of "D:\flutter\packages\flutter\lib\src\material\shaders\ink_sparkle.frag" to "build\flutter_assets\shaders/ink_sparkle.frag" failed with exit code 1.
impellerc stdout:

impellerc stderr:
Could not write file to build\flutter_assets\shaders/ink_sparkle.frag.spirv




```
#0      ShaderCompiler.compileShader (package:flutter_tools/src/build_system/tools/shader_compiler.dart:193:9)
<asynchronous suspension>
#1      writeBundle.<anonymous closure> (package:flutter_tools/src/bundle_builder.dart:224:20)
<asynchronous suspension>
#2      Future.wait.<anonymous closure> (dart:async/future.dart:528:21)
<asynchronous suspension>
#3      writeBundle (package:flutter_tools/src/bundle_builder.dart:186:3)
<asynchronous suspension>
#4      WebDevFS.update (package:flutter_tools/src/isolated/devfs_web.dart:1039:9)
<asynchronous suspension>
#5      ResidentWebRunner._updateDevFS (package:flutter_tools/src/isolated/resident_web_runner.dart:584:35)
<asynchronous suspension>
#6      ResidentWebRunner.run.<anonymous closure> (package:flutter_tools/src/isolated/resident_web_runner.dart:329:41)
<asynchronous suspension>
#7      asyncGuard.<anonymous closure> (package:flutter_tools/src/base/async_guard.dart:109:26)
<asynchronous suspension>
```

## flutter doctor

```
[32m[✓][39m Flutter (Channel stable, 3.29.3, on
    Microsoft Windows [Version
    10.0.26100.4652], locale en-US) [352ms]
    [32m•[39m Flutter version 3.29.3 on channel
      stable at D:\flutter
    [32m•[39m Upstream repository
      https://github.com/flutter/flutter.gi
      t
    [32m•[39m Framework revision ea121f8859 (3
      months ago), 2025-04-11 19:10:07
      +0000
    [32m•[39m Engine revision cf56914b32
    [32m•[39m Dart version 3.7.2
    [32m•[39m DevTools version 2.42.3

[32m[✓][39m Windows Version (11 Home Single
    Language 64-bit, 24H2, 2009) [3.8s]

[31m[✗][39m Android toolchain - develop for Android
    devices [56ms]
    [31m✗[39m Unable to locate Android SDK.
      Install Android Studio from:
      https://developer.android.com/studio/
      index.html
      On first launch it will assist you in
      installing the Android SDK
      components.
      (or visit
      https://flutter.dev/to/windows-androi
      d-setup for detailed instructions).
      If the Android SDK has been installed
      to a custom location, please use
      `flutter config --android-sdk` to
      update to that location.


[32m[✓][39m Chrome - develop for the web [19ms]
    [32m•[39m Chrome at C:\Program
      Files\Google\Chrome\Application\chrom
      e.exe

[31m[✗][39m Visual Studio - develop Windows apps
    [18ms]
    [31m✗[39m Visual Studio not installed; this is
      necessary to develop Windows apps.
      Download at
      https://visualstudio.microsoft.com/do
      wnloads/.
      Please install the "Desktop
      development with C++" workload,
      including all of its default
      components

[32m[✓][39m Android Studio (version 2024.3) [14ms]
    [32m•[39m Android Studio at C:\Program
      Files\Android\Android Studio
    [32m•[39m Flutter plugin can be installed from:
      🔨
      https://plugins.jetbrains.com/plugin/
      9212-flutter
    [32m•[39m Dart plugin can be installed from:
      🔨
      https://plugins.jetbrains.com/plugin/
      6351-dart
    [32m•[39m Java version OpenJDK Runtime
      Environment (build
      21.0.6+-13355223-b631.42)

[32m[✓][39m VS Code (version 1.102.1) [11ms]
    [32m•[39m VS Code at
      C:\Users\Ganesh\AppData\Local\Program
      s\Microsoft VS Code
    [32m•[39m Flutter extension version 3.114.0

[32m[✓][39m Connected device (3 available) [50ms]
    [32m•[39m Windows (desktop) • windows •
      windows-x64    • Microsoft Windows
      [Version 10.0.26100.4652]
    [32m•[39m Chrome (web)      • chrome  •
      web-javascript • Google Chrome
      138.0.7204.158
    [32m•[39m Edge (web)        • edge    •
      web-javascript • Microsoft Edge
      138.0.3351.95

[32m[✓][39m Network resources [817ms]
    [32m•[39m All expected network resources are
      available.

[33m![39m Doctor found issues in 2 categories.
```
